Саша@HomePC MINGW32 ~/Desktop/OCA (master)
$ git congig --global user.name "Olga Ossovska"
git: 'congig' is not a git command. See 'git --help'.

Did you mean this?
        config

Саша@HomePC MINGW32 ~/Desktop/OCA (master)
$ git config --global user.name "Olga Ossovska"

Саша@HomePC MINGW32 ~/Desktop/OCA (master)
$ git config --global user.email "pavuchok@ua.fm"

Саша@HomePC MINGW32 ~/Desktop/OCA (master)
$ git config --global core.autocrlf true

Саша@HomePC MINGW32 ~/Desktop/OCA (master)
$ git config --global safecrlf true
error: key does not contain a section: safecrlf

Саша@HomePC MINGW32 ~/Desktop/OCA (master)
$ git config --global core.safecrlf true

Саша@HomePC MINGW32 ~/Desktop/OCA (master)
$ mk dir Hello
bash: mk: command not found

Саша@HomePC MINGW32 ~/Desktop/OCA (master)
$ mkdir Hello
mkdir: cannot create directory ‘Hello’: File exists

Саша@HomePC MINGW32 ~/Desktop/OCA (master)
$ git status
On branch master

Initial commit

Changes to be committed:
  (use "git rm --cached <file>..." to unstage)

        new file:   1.txt
        new file:   3.txt
        new file:   TEMP/2.txt

Untracked files:
  (use "git add <file>..." to include in what will be committed)

        1.html
        Hello/


Саша@HomePC MINGW32 ~/Desktop/OCA (master)
$ git add 1.html

Саша@HomePC MINGW32 ~/Desktop/OCA (master)
$ git add Hello

Саша@HomePC MINGW32 ~/Desktop/OCA (master)
$ git commit
Program Files(x86)Notepad++\notepad++.exe: -c: line 0: syntax error near unexpected token `('
Program Files(x86)Notepad++\notepad++.exe: -c: line 0: `Program Files(x86)Notepad++\notepad++.exe "$@"'
error: There was a problem with the editor 'Program Files(x86)Notepad++\notepad++.exe'.
Please supply the message using either -m or -F option.

Саша@HomePC MINGW32 ~/Desktop/OCA (master)
$ git commit -m "First commit"
[master (root-commit) 2d881a4] First commit
 6 files changed, 2 insertions(+)
 create mode 100644 1.html
 create mode 100644 1.txt
 create mode 100644 3.txt
 create mode 100644 Hello/hello.html
 create mode 100644 Hello/hello.txt
 create mode 100644 TEMP/2.txt

Саша@HomePC MINGW32 ~/Desktop/OCA (master)
$ git status
On branch master
nothing to commit, working directory clean

Саша@HomePC MINGW32 ~/Desktop/OCA (master)
$ git status
On branch master
Changes not staged for commit:
  (use "git add <file>..." to update what will be committed)
  (use "git checkout -- <file>..." to discard changes in working directory)

        modified:   1.txt

no changes added to commit (use "git add" and/or "git commit -a")

Саша@HomePC MINGW32 ~/Desktop/OCA (master)
$ git add 1.txt

Саша@HomePC MINGW32 ~/Desktop/OCA (master)
$ git commit
Program Files(x86)Notepad++\notepad++.exe: -c: line 0: syntax error near unexpected token `('
Program Files(x86)Notepad++\notepad++.exe: -c: line 0: `Program Files(x86)Notepad++\notepad++.exe "$@"'
error: There was a problem with the editor 'Program Files(x86)Notepad++\notepad++.exe'.
Please supply the message using either -m or -F option.

Саша@HomePC MINGW32 ~/Desktop/OCA (master)
$ git commitb -a
git: 'commitb' is not a git command. See 'git --help'.

Did you mean this?
        commit

Саша@HomePC MINGW32 ~/Desktop/OCA (master)
$ git comit -a
git: 'comit' is not a git command. See 'git --help'.

Did you mean this?
        commit

Саша@HomePC MINGW32 ~/Desktop/OCA (master)
$ git commit -a
Program Files(x86)Notepad++\notepad++.exe: -c: line 0: syntax error near unexpected token `('
Program Files(x86)Notepad++\notepad++.exe: -c: line 0: `Program Files(x86)Notepad++\notepad++.exe "$@"'
error: There was a problem with the editor 'Program Files(x86)Notepad++\notepad++.exe'.
Please supply the message using either -m or -F option.

Саша@HomePC MINGW32 ~/Desktop/OCA (master)
$ git config --global core.editor "C:\Windows\System32\notepad.exe"

Саша@HomePC MINGW32 ~/Desktop/OCA (master)
$ git status
On branch master
Changes to be committed:
  (use "git reset HEAD <file>..." to unstage)

        modified:   1.txt


Саша@HomePC MINGW32 ~/Desktop/OCA (master)
$ git commit
Program Files(x86)Notepad++\notepad++.exe: -c: line 0: syntax error near unexpected token `('
Program Files(x86)Notepad++\notepad++.exe: -c: line 0: `Program Files(x86)Notepad++\notepad++.exe "$@"'
error: There was a problem with the editor 'Program Files(x86)Notepad++\notepad++.exe'.
Please supply the message using either -m or -F option.

Саша@HomePC MINGW32 ~/Desktop/OCA (master)
$ git add 1.txt

Саша@HomePC MINGW32 ~/Desktop/OCA (master)
$ git status
On branch master
Changes to be committed:
  (use "git reset HEAD <file>..." to unstage)

        modified:   1.txt


Саша@HomePC MINGW32 ~/Desktop/OCA (master)
$ git add 1.txt

Саша@HomePC MINGW32 ~/Desktop/OCA (master)
$ git add 3.txt

Саша@HomePC MINGW32 ~/Desktop/OCA (master)
$ git commit -m "Changes for 1 and 3"
[master 22783d6] Changes for 1 and 3
 2 files changed, 2 insertions(+)

Саша@HomePC MINGW32 ~/Desktop/OCA (master)
$ git add hello.txt
fatal: pathspec 'hello.txt' did not match any files

Саша@HomePC MINGW32 ~/Desktop/OCA (master)
$ git add .ignore.txt
fatal: pathspec '.ignore.txt' did not match any files

Саша@HomePC MINGW32 ~/Desktop/OCA (master)
$ git add ignore.txt
fatal: pathspec 'ignore.txt' did not match any files

Саша@HomePC MINGW32 ~/Desktop/OCA (master)
$ git add 5.txt

Саша@HomePC MINGW32 ~/Desktop/OCA (master)
$ git commit -m "Unrelated change to 5"
[master 2d8afaf] Unrelated change to 5
 1 file changed, 0 insertions(+), 0 deletions(-)
 create mode 100644 5.txt

Саша@HomePC MINGW32 ~/Desktop/OCA (master)
$ git clone git remote add origin https://github.com/oossovska/oossovska.git
Too many arguments.

usage: git clone [<options>] [--] <repo> [<dir>]

    -v, --verbose         be more verbose
    -q, --quiet           be more quiet
    --progress            force progress reporting
    -n, --no-checkout     don't create a checkout
    --bare                create a bare repository
    --mirror              create a mirror repository (implies bare)
    -l, --local           to clone from a local repository
    --no-hardlinks        don't use local hardlinks, always copy
    -s, --shared          setup as shared repository
    --recursive           initialize submodules in the clone
    --recurse-submodules  initialize submodules in the clone
    --template <template-directory>
                          directory from which templates will be used
    --reference <repo>    reference repository
    --dissociate          use --reference only while cloning
    -o, --origin <name>   use <name> instead of 'origin' to track upstream
    -b, --branch <branch>
                          checkout <branch> instead of the remote's HEAD
    -u, --upload-pack <path>
                          path to git-upload-pack on the remote
    --depth <depth>       create a shallow clone of that depth
    --single-branch       clone only one branch, HEAD or --branch
    --separate-git-dir <gitdir>
                          separate git dir from working tree
    -c, --config <key=value>
                          set config inside the new repository
    -4, --ipv4            use IPv4 addresses only
    -6, --ipv6            use IPv6 addresses only


Саша@HomePC MINGW32 ~/Desktop/OCA (master)
$ git status
On branch master
Changes not staged for commit:
  (use "git add <file>..." to update what will be committed)
  (use "git checkout -- <file>..." to discard changes in working directory)

        modified:   Hello/hello.txt

no changes added to commit (use "git add" and/or "git commit -a")

Саша@HomePC MINGW32 ~/Desktop/OCA (master)
$ git clone https://github.com/oossovska/oossovska.git
Cloning into 'oossovska'...
warning: You appear to have cloned an empty repository.
Checking connectivity... done.

Саша@HomePC MINGW32 ~/Desktop/OCA (master)
$ git clone https://github.com/libgit2/libgit2
Cloning into 'libgit2'...
remote: Counting objects: 69665, done.
remote: Compressing objects: 100% (20250/20250), done.
remote: Total 69665 (delta 48601), reused 69135 (delta 48074), pack-reused 0
Receiving objects: 100% (69665/69665), 32.37 MiB | 1.75 MiB/s, done.
Resolving deltas: 100% (48601/48601), done.
Checking connectivity... done.
Checking out files: 100% (5235/5235), done.

Саша@HomePC MINGW32 ~/Desktop/OCA (master)
$ git status
On branch master
Changes not staged for commit:
  (use "git add <file>..." to update what will be committed)
  (use "git checkout -- <file>..." to discard changes in working directory)

        modified:   Hello/hello.txt

Untracked files:
  (use "git add <file>..." to include in what will be committed)

        libgit2/

no changes added to commit (use "git add" and/or "git commit -a")

Саша@HomePC MINGW32 ~/Desktop/OCA (master)
$ git add Hello/hello.txt

Саша@HomePC MINGW32 ~/Desktop/OCA (master)
$ git status
On branch master
Changes to be committed:
  (use "git reset HEAD <file>..." to unstage)

        modified:   Hello/hello.txt

Untracked files:
  (use "git add <file>..." to include in what will be committed)

        libgit2/


Саша@HomePC MINGW32 ~/Desktop/OCA (master)
$ git log
commit 2d8afaf5ed09b97ad5938be880e56bb3be384765
Author: Olga Ossovska <pavuchok@ua.fm>
Date:   Sat May 14 14:35:40 2016 +0300

    Unrelated change to 5

commit 22783d6037434f04e1fbe8850ba5819843297a09
Author: Olga Ossovska <pavuchok@ua.fm>
Date:   Sat May 14 13:38:25 2016 +0300

    Changes for 1 and 3

commit 2d881a4013cf6fbfa49d7f418bcd848cff059ee4
Author: Olga Ossovska <pavuchok@ua.fm>
Date:   Sat May 14 12:05:35 2016 +0300

    First commit

Саша@HomePC MINGW32 ~/Desktop/OCA (master)
$ git commit -m "Hello/hello.txt"
[master b151641] Hello/hello.txt
 1 file changed, 1 insertion(+)

Саша@HomePC MINGW32 ~/Desktop/OCA (master)
$ git status
On branch master
Untracked files:
  (use "git add <file>..." to include in what will be committed)

        libgit2/

nothing added to commit but untracked files present (use "git add" to track)

Саша@HomePC MINGW32 ~/Desktop/OCA (master)
$ git clone "OCA"
fatal: repository 'OCA' does not exist

Саша@HomePC MINGW32 ~/Desktop/OCA (master)
$ git log
commit b151641f4c33fe3957236882d68981c43a62fe43
Author: Olga Ossovska <pavuchok@ua.fm>
Date:   Sat May 14 15:26:09 2016 +0300

    Hello/hello.txt

commit 2d8afaf5ed09b97ad5938be880e56bb3be384765
Author: Olga Ossovska <pavuchok@ua.fm>
Date:   Sat May 14 14:35:40 2016 +0300

    Unrelated change to 5

commit 22783d6037434f04e1fbe8850ba5819843297a09
Author: Olga Ossovska <pavuchok@ua.fm>
Date:   Sat May 14 13:38:25 2016 +0300

    Changes for 1 and 3

commit 2d881a4013cf6fbfa49d7f418bcd848cff059ee4
Author: Olga Ossovska <pavuchok@ua.fm>
Date:   Sat May 14 12:05:35 2016 +0300

    First commit

Саша@HomePC MINGW32 ~/Desktop/OCA (master)
$ git dif
git: 'dif' is not a git command. See 'git --help'.

Did you mean one of these?
        diff
        config
        difftool
        init

Саша@HomePC MINGW32 ~/Desktop/OCA (master)
$ git diff

Саша@HomePC MINGW32 ~/Desktop/OCA (master)
$ git commit -a -m
error: switch `m' requires a value
usage: git commit [<options>] [--] <pathspec>...

    -q, --quiet           suppress summary after successful commit
    -v, --verbose         show diff in commit message template

Commit message options
    -F, --file <file>     read message from file
    --author <author>     override author for commit
    --date <date>         override date for commit
    -m, --message <message>
                          commit message
    -c, --reedit-message <commit>
                          reuse and edit message from specified commit
    -C, --reuse-message <commit>
                          reuse message from specified commit
    --fixup <commit>      use autosquash formatted message to fixup specified commit
    --squash <commit>     use autosquash formatted message to squash specified commit
    --reset-author        the commit is authored by me now (used with -C/-c/--amend)
    -s, --signoff         add Signed-off-by:
    -t, --template <file>
                          use specified template file
    -e, --edit            force edit of commit
    --cleanup <default>   how to strip spaces and #comments from message
    --status              include status in commit message template
    -S, --gpg-sign[=<key-id>]
                          GPG sign commit

Commit contents options
    -a, --all             commit all changed files
    -i, --include         add specified files to index for commit
    --interactive         interactively add files
    -p, --patch           interactively add changes
    -o, --only            commit only specified files
    -n, --no-verify       bypass pre-commit hook
    --dry-run             show what would be committed
    --short               show status concisely
    --branch              show branch information
    --porcelain           machine-readable output
    --long                show status in long format (default)
    -z, --null            terminate entries with NUL
    --amend               amend previous commit
    --no-post-rewrite     bypass post-rewrite hook
    -u, --untracked-files[=<mode>]
                          show untracked files, optional modes: all, normal, no. (Default: all)


Саша@HomePC MINGW32 ~/Desktop/OCA (master)
$ git commit -a -m "Hello/hello.txt"
On branch master
Untracked files:
        .gitignore.txt
        libgit2/

nothing added to commit but untracked files present

Саша@HomePC MINGW32 ~/Desktop/OCA (master)
$ git status
On branch master
Changes not staged for commit:
  (use "git add <file>..." to update what will be committed)
  (use "git checkout -- <file>..." to discard changes in working directory)

        modified:   Hello/hello.txt

Untracked files:
  (use "git add <file>..." to include in what will be committed)

        .gitignore.txt
        libgit2/

no changes added to commit (use "git add" and/or "git commit -a")

Саша@HomePC MINGW32 ~/Desktop/OCA (master)
$ git commit -a -m "Hello/hello.txt"
[master b37b768] Hello/hello.txt
 1 file changed, 1 insertion(+), 1 deletion(-)

Саша@HomePC MINGW32 ~/Desktop/OCA (master)
$ git commit -a -m 'added new benchmarks'
On branch master
Untracked files:
        .gitignore.txt
        libgit2/

nothing added to commit but untracked files present

Саша@HomePC MINGW32 ~/Desktop/OCA (master)
$ git status
On branch master
Changes not staged for commit:
  (use "git add <file>..." to update what will be committed)
  (use "git checkout -- <file>..." to discard changes in working directory)

        modified:   Hello/hello.txt

Untracked files:
  (use "git add <file>..." to include in what will be committed)

        .gitignore.txt
        libgit2/

no changes added to commit (use "git add" and/or "git commit -a")

Саша@HomePC MINGW32 ~/Desktop/OCA (master)
$ git commit -a
Program Files(x86)Notepad++\notepad++.exe: -c: line 0: syntax error near unexpected token `('
Program Files(x86)Notepad++\notepad++.exe: -c: line 0: `Program Files(x86)Notepad++\notepad++.exe "$@"'
error: There was a problem with the editor 'Program Files(x86)Notepad++\notepad++.exe'.
Please supply the message using either -m or -F option.

Саша@HomePC MINGW32 ~/Desktop/OCA (master)
$ git rm  libgit2/
fatal: pathspec 'libgit2/' did not match any files

Саша@HomePC MINGW32 ~/Desktop/OCA (master)
$ git rm 1.html
rm '1.html'

Саша@HomePC MINGW32 ~/Desktop/OCA (master)
$

Саша@HomePC MINGW32 ~/Desktop/OCA (master)
$ git mv 1.txt ola.txt

Саша@HomePC MINGW32 ~/Desktop/OCA (master)
$ git status
On branch master
Changes to be committed:
  (use "git reset HEAD <file>..." to unstage)

        deleted:    1.html
        renamed:    1.txt -> ola.txt

Changes not staged for commit:
  (use "git add <file>..." to update what will be committed)
  (use "git checkout -- <file>..." to discard changes in working directory)

        modified:   Hello/hello.txt

Untracked files:
  (use "git add <file>..." to include in what will be committed)

        .gitignore.txt
        libgit2/
        oossovska/


Саша@HomePC MINGW32 ~/Desktop/OCA (master)
$ git log
commit b37b76815aae6fd48744560e34b60f3f9de248f5
Author: Olga Ossovska <pavuchok@ua.fm>
Date:   Sat May 14 15:55:27 2016 +0300

    Hello/hello.txt

commit b37b76815aae6fd48744560e34b60f3f9de248f5
Author: Olga Ossovska <pavuchok@ua.fm>
Date:   Sat May 14 15:55:27 2016 +0300
commit b37b76815aae6fd48744560e34b60f3f9de248f5
commit b37b76815aae6fd48744560e34b60f3f9de248f5
commit b37b76815aae6fd48744560e34b60f3f9de248f5
commit b37b76815aae6fd48744560e34b60f3f9de248f5
commit b37b76815aae6fd48744560e34b60f3f9de248f5
commit b37b76815aae6fd48744560e34b60f3f9de248f5
Author: Olga Ossovska <pavuchok@ua.fm>
Date:   Sat May 14 15:55:27 2016 +0300

    Hello/hello.txt

commit b151641f4c33fe3957236882d68981c43a62fe43
Author: Olga Ossovska <pavuchok@ua.fm>
Date:   Sat May 14 15:26:09 2016 +0300

    Hello/hello.txt

commit 2d8afaf5ed09b97ad5938be880e56bb3be384765
Author: Olga Ossovska <pavuchok@ua.fm>
Date:   Sat May 14 14:35:40 2016 +0300

    Unrelated change to 5

commit 22783d6037434f04e1fbe8850ba5819843297a09
Author: Olga Ossovska <pavuchok@ua.fm>
Date:   Sat May 14 13:38:25 2016 +0300

    Changes for 1 and 3

commit 2d881a4013cf6fbfa49d7f418bcd848cff059ee4
Author: Olga Ossovska <pavuchok@ua.fm>
Date:   Sat May 14 12:05:35 2016 +0300

    First commit

commit b37b76815aae6fd48744560e34b60f3f9de248f5
Author: Olga Ossovska <pavuchok@ua.fm>
Date:   Sat May 14 15:55:27 2016 +0300

    Hello/hello.txt

commit b151641f4c33fe3957236882d68981c43a62fe43
Author: Olga Ossovska <pavuchok@ua.fm>
Date:   Sat May 14 15:26:09 2016 +0300

    Hello/hello.txt

commit 2d8afaf5ed09b97ad5938be880e56bb3be384765
Author: Olga Ossovska <pavuchok@ua.fm>
Date:   Sat May 14 14:35:40 2016 +0300

    Unrelated change to 5

commit 22783d6037434f04e1fbe8850ba5819843297a09
Author: Olga Ossovska <pavuchok@ua.fm>
Date:   Sat May 14 13:38:25 2016 +0300

    Changes for 1 and 3

commit 2d881a4013cf6fbfa49d7f418bcd848cff059ee4
Author: Olga Ossovska <pavuchok@ua.fm>
Date:   Sat May 14 12:05:35 2016 +0300

    First commit
~
...skipping...
commit b37b76815aae6fd48744560e34b60f3f9de248f5
Author: Olga Ossovska <pavuchok@ua.fm>
Date:   Sat May 14 15:55:27 2016 +0300

    Hello/hello.txt

commit b151641f4c33fe3957236882d68981c43a62fe43
Author: Olga Ossovska <pavuchok@ua.fm>
Date:   Sat May 14 15:26:09 2016 +0300

    Hello/hello.txt

commit 2d8afaf5ed09b97ad5938be880e56bb3be384765
Author: Olga Ossovska <pavuchok@ua.fm>
Date:   Sat May 14 14:35:40 2016 +0300

    Unrelated change to 5

commit 22783d6037434f04e1fbe8850ba5819843297a09
Author: Olga Ossovska <pavuchok@ua.fm>
Date:   Sat May 14 13:38:25 2016 +0300

    Changes for 1 and 3

commit 2d881a4013cf6fbfa49d7f418bcd848cff059ee4
Author: Olga Ossovska <pavuchok@ua.fm>
Date:   Sat May 14 12:05:35 2016 +0300

    First commit
Waiting for data... (interrupt to abort)
